// Jest Snapshot v1, https://goo.gl/fbAQLP

exports[`PacMan renders without crashing 1`] = `
<div
  className="spinner-pac-man"
>
  <div
    className="dot"
  >
    <div>
      <div />
      <div />
      <div />
    </div>
    <div>
      <div />
      <div />
      <div />
    </div>
  </div>
</div>
`;
